// Jest Snapshot v1, https://goo.gl/fbAQLP

exports[`renders correctly 1`] = `
<a
  href="/href"
  onClick={[Function]}
>
  Hello world
</a>
`;
